✔ between-and explicitly declares an interval, not two appointments (5.012039ms)
✔ between ranges retain invalid-time and conflicting-time safeguards (0.393387ms)
✔ named board-game invitations retain hall, capacity, language and visitor access (71.630035ms)
✔ the generic board-games label cannot override a named-game conflict (2.974402ms)
✔ literal textbook title, edition, format and language all participate in compatibility (63.702244ms)
✔ negated book format or language cannot be promoted to an accepted positive value (2.244365ms)
✔ fixed metric boundaries pass; each category and missing/non-finite values fail closed (1.387289ms)
✔ overall negative-case gate is enforced independently of positive recall (1.002318ms)
✔ academic-year and semester labels compare their complete explicit labels (2.942262ms)
✔ date equality keeps the precise end date and differs from coverage (0.498474ms)
✔ coverage requires the entire inclusive wanted stay, not a shared day (0.259004ms)
✔ cross-kind residence comparisons require a real calendar mapping (1.078231ms)
✔ Gregorian date validation handles leap days and rejects rollover/coercion (0.695222ms)
✔ invalid/missing periods do not become known conflicts or silently repair labels (0.396443ms)
✔ equality is symmetric and shorter offers cannot repair insufficient coverage (12.180909ms)
✔ explicit room any and accepted sets retain unknown actual rooms (0.44881ms)
✔ same-basis explicit money compares asking price with an inclusive budget (1.211039ms)
✔ explicit zero is not the same as an absent price (0.975307ms)
✔ explicit free supply fits any valid known budget without assuming currency or units (0.372017ms)
✔ free supply still validates amounts, explicit units, roles and context first (0.286858ms)
✔ currency is explicit: no symbols, locale defaults or implicit FX (0.532207ms)
✔ no missing or ambiguous price basis defaults to item, bundle or person (0.565299ms)
✔ item/bundle conversion uses the known whole-bundle quantity in both directions (0.584224ms)
✔ per-person and whole-party fares do not assume a single passenger (0.180307ms)
✔ hour/session comparisons need known billable duration, including minimum purchases (0.235031ms)
✔ decimal multiplication compares exact supplied decimals without currency rounding (0.378148ms)
✔ strict money/count/duration validation rejects coercion and unsafe numeric values (0.545051ms)
✔ asking and maximum roles are directional and optionally checked explicitly (0.15513ms)
✔ unknown or invalid input records never coerce or evaluate getters (0.198281ms)
✔ removing known facts cannot create a confirmed match (0.218569ms)
✔ increasing rates/counts and decreasing budgets cannot improve affordability (1.800844ms)
✔ comparators do not mutate grounded inputs or contexts (0.191397ms)
✔ cooperation recognises participation grammar independently of topic names (2.754852ms)
✔ diaries, absent roles, negated and quoted cooperation are not requests (0.478025ms)
✔ two buyers and an over-budget offer are not reciprocal demand (2.281043ms)
✔ explicit requested model, quantity and handover constrain the offered item (0.658634ms)
✔ same travel route does not override date, direction, seats or withdrawn status (0.316243ms)
✔ language alternatives intersect but explicit conflicting languages do not (0.791713ms)
✔ retrieval retains old own posts and old candidates past a hundred newer unrelated posts (113.601479ms)
✔ foreign currency and bundle prices are never silently compared with unit HKD budgets (0.371928ms)
✔ explicit departure deadlines do not receive a thirty-minute grace period (0.221234ms)
✔ unknown currencies and multi-item price bases are never inferred from the campus locale (1.017777ms)
✔ known common quantities permit exact unit-to-total comparison, but bundles are not silently split (0.668343ms)
✔ fees distinguish explicitly free provision, missing prices and priced billing units (0.767759ms)
✔ activity hosting and joining respect spare places, equipment, skills and languages (0.397786ms)
✔ a stated backpack is a fact; an offered baggage limit must be checked (0.279994ms)
✔ named exams can identify study requests without university course codes (69.831977ms)
✔ negated possession is not converted into an offer by a following sale word (54.579504ms)
✔ sale/request titles never resurrect explicitly absent body entities (11.889142ms)
✔ inability to use a named alternative is not a request for that alternative (10.757773ms)
✔ use exclusions also apply to inherited buying roles without erasing selling roles (1.908024ms)
✔ author guidance surfaces missing currency without mutating match facts (41.934085ms)
✔ a complete intent does not hide a second request that needs clarification (0.85434ms)
✔ room possession preserves optional English articles (47.979059ms)
✔ seeking triggers a reciprocal housing request without requiring the word swap (7.725923ms)
✔ complete academic-year wording preserves explicit period and negation (6.722704ms)
✔ housing recognizes multilingual numbers without merging UG and PG namespaces (10.072739ms)
✔ housing associates room types before hall names and explicit target alternatives (3.684142ms)
✔ housing preserves explicit negative targets and abstains after withdrawal (0.499405ms)
✔ named university apartment aliases preserve actual tower destinations (2.767775ms)
✔ currency is not confused with comma-separated dates or handover time intervals (22.803929ms)
✔ one model and its common noun form one item with shared price and condition (1.391146ms)
✔ a title can supply direction while the public body supplies product constraints (5.772854ms)
✔ postfix offers remain active when another named item is withdrawn (1.760078ms)
✔ independent buying and selling clauses keep their own budgets and roles (1.368694ms)
✔ edition, explicit quantity and acceptable color alternatives remain constraints (2.792311ms)
✔ loans and undecided role/price never become definite purchase evidence (1.862168ms)
✔ evidence is always a literal substring of a supplied public field (1.985299ms)
✔ free delivery and free time never overwrite an item asking price (1.390516ms)
✔ explicit full academic years preserve both endpoints without guessing calendar dates (3.135514ms)
✔ housing separates claimed allocation and eligibility from room preferences (0.741458ms)
✔ unconfirmed housing author claims never become confirmed allocations (0.402615ms)
✔ allocated current rooms and seeking a room retain their separate directions (0.847057ms)
✔ explicit accepted room alternatives retain all choices without changing actual room (0.645429ms)
✔ target room preceding its hall does not become the current room (53.172538ms)
✔ whole-year negation and incompatible room requirements remain unresolved or rejected (4.648949ms)
✔ a comma can separate an explicit confirmed room from its current hall (8.952391ms)
✔ karaoke preserves alcohol agreement alongside hall access and attendance (71.344279ms)
✔ a participant can require an alcohol-free event without assuming an unstated host policy (6.540483ms)
✔ contradictory host rules are not a confident agreement (2.953673ms)
✔ loan distinguishes pickup from return and matches through the real index (49.37278ms)
✔ loans reject purchases, late returns, unaffordable fees and broken equipment (11.457093ms)
✔ unknown return, deposit and daily rates cannot become high confidence (9.578143ms)
✔ borrowed tools preserve explicit voltage and do not become sales (7.00916ms)
✔ loans require explicit return location and reject incompatible return places (13.711977ms)
✔ cross-day Chinese intervals and an explicitly shared handover place retain both endpoints (18.850973ms)
✔ transport: multilingual explicit route, party and taxi capacity (15.822861ms)
✔ transport: reversed natural word order retains direction (6.550512ms)
✔ transport: location tag never supplies missing origin (2.002332ms)
✔ transport: a taxi mention never invents four seats or a solo passenger (1.903756ms)
✔ transport: spare seats are driver availability, not total car capacity (0.933188ms)
✔ transport: negated driver claim does not override asking for a lift (0.647393ms)
✔ transport: cancelled ride abstains (0.1439ms)
✔ separate cancelled ride does not cancel active study request (8.939748ms)
✔ separate cancelled study does not cancel active ride (0.717444ms)
✔ study: arbitrary course IDs normalize independently of selected category (2.845791ms)
✔ study: tutorial provider and peer are different roles (2.211433ms)
✔ study: language is explicit and never inferred from writing language (0.835375ms)
✔ study: declined language does not become an accepted language (0.637574ms)
✔ study: textbooks with course codes are not tutoring requests (0.174908ms)
✔ study: independent courses retain independent offer/seek role and time (2.053017ms)
✔ social: Chinese activity aliases require an invitation (14.137713ms)
✔ social: generic location tag does not supply the meeting place (3.272231ms)
✔ social: table tennis is distinct from tennis (0.458559ms)
✔ social: chess is distinct from Chinese chess (7.178858ms)
✔ social: explicit campus sub-location is preserved (0.454351ms)
✔ study: excluded course does not become a requested course (0.73632ms)
✔ negated requests do not produce active transport or tutor intents (0.690855ms)
✔ social: negated activity does not become an invitation (0.377267ms)
✔ explicit body intent takes precedence over a vague or misleading title (3.522439ms)
✔ ordinary prose next to a calendar year never becomes a course ID (0.486161ms)
✔ transport: two separately dated legs do not overwrite outbound availability (5.779347ms)
✔ transport: compact digits retain own party distinct from taxi capacity (1.159663ms)
✔ transport: Chinese request for passenger seats establishes rider party size (0.337151ms)
✔ study: negated seeking and an independent teaching offer keep the positive role (2.687646ms)
✔ study: separately scoped role on two courses can use a shared explicit schedule (1.266822ms)
✔ study: body course takes precedence over stale title course (0.475431ms)
✔ social: declined activity is not an alternative invitation (0.426259ms)
✔ social: beginner and required advanced skill remain explicit separate constraints (1.07334ms)
✔ social: independent plans retain their own activity, day and place (0.725479ms)
✔ social: non-event quotation and explicit solitary diary abstain (0.140012ms)
✔ explicit departure constraints and windows preserve strict time (0.820347ms)
✔ study: explicit meeting venue never comes from the location tag or course institution (1.017225ms)
✔ study: online supply is distinct from physical venue and current whereabouts (1.2116ms)
✔ study: clearly accepted online and physical alternatives remain separate choices (10.166174ms)
✔ study: unknown explicit venue remains unresolved instead of disappearing (0.954057ms)
✔ study: constraint-only contrast clause stays attached to the study request (0.433983ms)
✔ study: Chinese and English topic aliases retain explicit concepts (1.020161ms)
✔ study: a shared programming language does not erase distinct specific topics (0.734707ms)
✔ study: excluded or already understood topics are not requested topics (0.775132ms)
✔ study: unknown expressly restricted concept is not guessed from a known course (0.453069ms)
✔ study: an offer listing options does not require learning every offered topic (0.770973ms)
✔ study: one course venue does not get copied onto another independently stated course (1.241015ms)
✔ study compatibility: explicit topic and meeting conflicts cannot be high-confidence matches (3.926777ms)
✔ study compatibility: an unspecified teaching topic cannot imply knowledge of the requested topic (0.797964ms)
✔ study: month-year dates are never separate course identities (4.589968ms)
✔ study: explicit inability with a language verb is not an accepted language (2.275292ms)
✔ study: a negated language does not erase a separately accepted one (0.453029ms)
✔ adjacent calendar and clock fields never become part of a quoted amount (88.542236ms)
✔ legal grouped amounts, decimal cents and suffix currencies remain intact (2.230499ms)
✔ malformed numbers cannot be interpreted as convenient numeric prefixes or suffixes (3.391473ms)
✔ malformed additional amounts cannot be hidden by free or a valid quote (1.530787ms)
✔ punctuation before suffix-currency amounts is not a malformed grouping (1.411274ms)
✔ specific game edition, mode, server and channel form an online activity (70.936996ms)
✔ unspecified game editions and modes are not high-confidence matches (14.601814ms)
✔ unlisted study topics retain exact author words, not topic-table guesses (2.475357ms)
✔ unfamiliar explicit subjects may be discussed but never become confirmed matches (39.92922ms)
✔ same-timestamp room and eligibility edits cannot reuse the old housing interpretation (29.651396ms)
✔ unchanged semantic inputs reuse parsing while exposing fresh display metadata (1.881054ms)
✔ inactive post and invalid version timestamps never inherit an active cached parse (3.465221ms)
✔ peer requests can explicitly exclude paid tutoring without an unknown fee (68.026374ms)
✔ the peer-only exclusion does not erase actual or unresolved payment conditions (6.335909ms)
✔ photography invitations retain their host and guest roles and specific activity (61.506499ms)
✔ negative participation does not become a photography join request (1.693763ms)
✔ open invitations do not imply unlimited places; explicit attendance limits still apply (20.96745ms)
✔ photography equipment requirements need explicit participant equipment (17.538745ms)
✔ text discovery never promotes overlap to a compatible match (29.332819ms)
✔ index replacement removes old entity and lexical postings (2.339533ms)
✔ related discovery is separate, deduplicated and excludes own/withdrawn/matched posts (33.370993ms)
✔ known incompatible same-item roles cannot reappear as related leads (13.510479ms)
✔ arbitrary requirement keys preserve affirmation, exclusion and unknowns (1.425089ms)
✔ numeric thresholds are monotonic and cannot silently convert units or types (5.824801ms)
✔ alternatives, contradictory facts and unsupported assertions retain uncertainty (0.349996ms)
✔ the live comparison path checks both directions without inferring counterpart facts (1.730311ms)
✔ public goods text carries genuine-only requirements through to actual matching (56.511823ms)
✔ authenticity constraints stay with their item and are not mandatory for every buyer (4.684646ms)
✔ canonical residence labels preserve both academic years and exact date endpoints (5.114472ms)
✔ housing swaps require the complete same occupancy period and preserve unknown calendars (2.395617ms)
✔ explicit any and allowed-room sets accept known rooms without inventing unknown actual rooms (1.162347ms)
✔ explicitly finished residence periods cannot drive a current housing recommendation (0.312606ms)
✔ denied allocations and ineligible swaps conflict, pending author claims stay possible (0.356317ms)
✔ negated room choices cannot reappear as high-confidence single-room acceptance (35.312832ms)
✔ accepted room alternatives can complete a reciprocal full-year exchange (7.557979ms)
✔ explicit multilingual residence ranges preserve complete equal intervals (52.479579ms)
✔ unknown, invalid, reversed, negated and alternative ranges cannot collapse to one period (0.781554ms)
✔ month-level residence periods compare at stated precision without invented dates (2.10863ms)
✔ month-level stays expire only after the declared final month in Hong Kong time (0.534251ms)
✔ unlisted objects and wrong categories remain retrievable without parser intents (3.531616ms)
✔ case/fullwidth, CJK overlap and spelling variation preserve lexical retrieval (0.783828ms)
✔ self, same owner, explicitly excluded owners and inactive records are filtered (0.32523ms)
✔ edits and removals leave the index equivalent to a fresh rebuild (11.779136ms)
✔ insertion order does not affect ties; no overlap and zero limit do not invent results (0.810308ms)
✔ all checks contribute to the decision; an unknown condition cannot become high (2.640858ms)
✔ missing checks, unsupported passes, invented quotes and overall decisions are invalid (0.625972ms)
✔ ledger is an explicit experiment with its own request and cache identity (1.611819ms)
✔ sentence references resolve to exact public text without copying model paraphrases (1.491294ms)
✔ single-post extraction references preserve facts and reject invented or string indices (0.444474ms)
✔ extra conditions also resolve from bounded exact segments instead of model translations (0.409416ms)
✔ public pair input excludes fixture labels, IDs, owners and private metadata (2.929138ms)
✔ localhost guard rejects remote URLs, credentials, query secrets and fragments before any request (0.960439ms)
✔ cache keys bind ordered public inputs, evaluation time, model identity and generation settings (1.518835ms)
✔ valid output preserves exact evidence and explicit structured-field quotations (0.627125ms)
✔ invented, paraphrased, swapped, metadata and cross-field concatenated evidence is rejected (0.539631ms)
✔ malformed output, free-form confidence, missing sides and unbounded evidence fail closed (0.613669ms)
✔ cached outputs are revalidated and logged without calling any model (21.851785ms)
✔ default decision-first request retains the frozen prompt and schema exactly (0.574787ms)
✔ evidence-first changes only output ordering and hashes the actual request contract (1.686719ms)
✔ mode-specific caches remain isolated and reject forged order or default hash provenance (6.300614ms)
✔ order probe fixes the first hall match and uncertain cases without leaking selection labels (1.319702ms)
✔ explicit thinking mode reaches the template and cannot reuse another mode cache key (0.540632ms)
✔ prompt cache reuse can be disabled for controlled recurrent-model comparisons (0.388067ms)
✔ bounded thinking is explicit in the request and included in cache identity (0.509555ms)
✔ schema is bounded and does not solicit model confidence or free-form reasoning (2.427708ms)
✔ semantic input allows only public post text and explicit post fields (0.869238ms)
✔ valid sale remains compatible with the existing engine contract (11.619587ms)
✔ unknown core fields are null and optional unknowns may be omitted without convention (1.694375ms)
✔ unknown role or entity abstains instead of constructing a fake confident intent (0.332884ms)
✔ all evidence must be exact public substrings, including structured fields (0.588082ms)
✔ numeric claims require a literal numeric witness, not just a real but unrelated evidence quote (1.004692ms)
✔ invalid numbers, calendar dates and reversed intervals fail validation (0.888273ms)
✔ evidence-bound relative dates are checked against Hong Kong posting day (0.931877ms)
✔ unsupported natural time expressions cannot gain certainty solely from model output (0.527969ms)
✔ explicit strict time cannot be weakened by a model false flag (0.54957ms)
✔ loans and other unsupported transaction types remain non-definite instead of becoming sales (0.67808ms)
✔ transport fare and luggage are preserved and never silently discarded (0.352451ms)
✔ paid study and explicit extra requirements remain visible to the adapter caller (0.571701ms)
✔ extra requirements must themselves be copied literally (0.183753ms)
✔ untrusted data never supplies executable instructions or schema authority (0.310903ms)
✔ malformed, oversized, extra-root-key and incompatible-role output fails closed (0.440324ms)
✔ cancelled evidence and inactive post state do not create active semantic requests (0.228237ms)
✔ mixed valid and invalid intents fail atomically (0.165631ms)
✔ an empty model response is an explicit abstention (0.230322ms)
✔ kind-discriminated schema prevents incompatible roles and unrelated fields, including null (0.456315ms)
✔ model response must explicitly acknowledge every required core field for its kind (2.219087ms)
✔ loan offers, learners and taxi sharers retain distinct legal roles (3.206176ms)
✔ normalizing evidence case or punctuation fails literal grounding (0.206758ms)
✔ allocation and exchange eligibility are independent facts, with unknowns retained (0.361116ms)
✔ canonical item names preserve model detail and normalize formatting without conflating generations (6.356197ms)
✔ model cannot supply a default currency absent from its public evidence (0.695683ms)
✔ explicit free-until intervals and cafe entrances align across languages (63.989812ms)
✔ free-until parsing preserves invalid and conflicting times (3.250639ms)
✔ peer activities need positive shared time, not merely touching endpoints (7.140727ms)
✔ generic campus title does not override an explicit meeting place in the body (2.332239ms)
✔ study-level eligibility needs an explicit participant claim (67.903584ms)
✔ a self-description article is not an explicit participant count (8.394705ms)
✔ seeking company complements joining without invented party or unlimited capacity (52.232337ms)
✔ explicit attendance restrictions require counts and reject overflow (15.122799ms)
✔ social host and participant preserve places, capacity, equipment and languages (92.372853ms)
✔ court and room numbers do not become calendar days (0.480089ms)
✔ a joiner must cover the stated activity and cannot negate equipment or participation (21.514804ms)
✔ numbered outdoor basketball courts align across languages without merging venues (11.189341ms)
✔ empty parties and zero remaining places do not generate activity matches (4.027524ms)
✔ borrowing requires explicit provision, not merely another player owning a racket (12.500778ms)
✔ participation restrictions require explicit compatible self descriptions (12.158666ms)
✔ numbered table tennis venues, lending and participation eligibility work together (12.901759ms)
✔ a neutral title does not obscure a body-leading self description (2.478422ms)
✔ campus title does not add a conflicting prefix to a numbered outdoor court (2.137374ms)
✔ a withdrawn activity does not cancel a separate explicit continuing invitation (55.545673ms)
✔ continuing invitations retain their own cancellation and whole-post withdrawal (5.800155ms)
✔ explicit colloquial solo participation fills a one-person vacancy (17.132855ms)
✔ negated solo and added companions do not imply a one-person party (7.947919ms)
✔ tutoring fees compare currency, rate basis and budget through the real parser (50.389505ms)
✔ availability is not zero-cost tutoring and ambiguous charges stay unknown (0.430917ms)
✔ one-session totals and explicit unpaid peer practice retain their stated scope (0.985046ms)
✔ coaching and Chinese peer practice are recognised without inventing payment (22.922ms)
✔ thousands separators cannot turn expensive tutoring into a cheap offer (2.539868ms)
✔ ranges, minimum quotes, negated quotes and extra costs remain unresolved (13.032234ms)
✔ sentence punctuation after a price is not a malformed numeric separator (0.40064ms)
✔ study-group vacancies limit joining students, not the existing group size (55.64008ms)
✔ explicit peer requests allow a course and topic between role and practice (29.688636ms)
✔ body learning and tutoring roles do not require a descriptive title (3.775402ms)
✔ a single course retains trailing time and location after a semicolon (28.94866ms)
✔ closing one course does not close a separately stated still-active request (6.530644ms)
✔ different explicit courses cannot inherit one another’s schedule or role (3.780342ms)
✔ a separate ride cannot lend its departure time to an undated course (2.196384ms)
✔ taxi capacity is not evidence that a passenger is driving (81.368688ms)
✔ explicit hired-taxi sharing remains separate from a driver offering a lift (3.953927ms)
✔ refusing a taxi share cannot generate a shared trip (2.31144ms)
✔ requested companions constrain taxi matching even when the vehicle has more seats (8.864366ms)
✔ one explicit taxi capacity can cover both parties without inventing a default (9.976579ms)
✔ passengers booking a taxi and explicitly seeking more passengers establish sharing without a title (6.273382ms)
✔ relative date uses Hong Kong date at posting, including midnight rollover (5.340404ms)
✔ ambiguous and invalid dates do not become a confident appointment (0.967703ms)
✔ explicit dates and independent language notation agree (0.429695ms)
✔ compact dates and hour ranges retain both endpoints (1.644211ms)
✔ day-month notation consumes its month before adjacent appointment hours (0.293841ms)
✔ noon and midnight are explicit clock times (0.239418ms)
✔ current and next calendar weeks use a Monday start and retain past days (0.752089ms)
✔ explicit weekday contradiction is uncertain but excluded weekdays do not conflict (0.242164ms)
✔ range AM and PM are evaluated independently at both endpoints (3.449393ms)
✔ an unresolved or unsupported timezone prevents definite time compatibility (0.514805ms)
✔ court and table numbers are not calendar days (0.418435ms)
✔ unrelated numeric ranges cannot turn separate time mentions into availability (0.348732ms)
✔ seat and total backpack capacities cover all participants (67.990136ms)
✔ unparsed fare and baggage restrictions cannot disappear (6.460292ms)
✔ per-person fares and backpack-only policy match bilingual riders on the same station route (12.603741ms)
✔ carried backpacks are not purchase requests, while separate buying intent remains (13.040679ms)
✔ an explicit sale title survives a travel detail in the item description (3.423402ms)
✔ explicit small-bag capacity supports third-person ride requests without assuming generic bags are small (11.484644ms)
✔ per-passenger baggage limits do not become total limits or guessed averages (9.466294ms)
✔ per-person and vehicle-wide baggage limits both apply (4.913394ms)
✔ each attached to a single fare denotes a per-person budget (46.461497ms)
✔ each elsewhere or qualified as a baggage charge does not supply fare basis (10.944061ms)
✔ an explicit actual origin survives a sentence boundary without using the campus tag (63.962441ms)
✔ incidental places and negative destinations are not cross-sentence routes (10.554892ms)
✔ station exits are directional, bilingual constraints rather than discarded text (13.826932ms)
✔ cancelled old travel does not remove an explicitly continuing separate lift (50.93208ms)
✔ a free passenger seat is not necessarily a free fare (2.887669ms)
✔ mixed-status titles preserve only explicitly continuing body sections (3.674514ms)
✔ fullwidth input preserves parsed facts while retaining original display content (78.94113ms)
✔ horizontal spacing is normalized without removing separate-request boundaries (9.972793ms)
✔ search normalizes lengths and preserves a relevant later chunk (1.903336ms)
✔ failed updates preserve valid records and caller mutations cannot alter the index (0.654506ms)
✔ identity and status filters apply before taking the requested limit (0.311523ms)
✔ query space mismatch, bad dimensions and invalid limits fail explicitly (0.240441ms)
✔ exact cosine ordering is invariant to insertion order and positive scaling (10.167907ms)
✔ vegetarian dinner combines declared food, level, capacity and meeting place (84.031365ms)
✔ explicit walking endurance is compared without inferring ability from interest (62.993946ms)
✔ that long resolves only against one explicit walking duration in the same post (12.056436ms)
✔ pier meeting points are shared across languages without collapsing to the entire district (9.871312ms)
✔ explicit mat thickness is converted and compared against a minimum (70.362069ms)
✔ widths and malformed or ranged dimensions cannot become exact thickness (11.949295ms)
✔ explicit zero baggage satisfies a no-baggage driver restriction (60.742919ms)
✔ qualified or uncertain no-luggage claims do not silently become zero (7.666592ms)
ℹ tests 314
ℹ suites 0
ℹ pass 314
ℹ fail 0
ℹ cancelled 0
ℹ skipped 0
ℹ todo 0
ℹ duration_ms 4320.481536
